0 verbose cli /usr/local/bin/node /usr/local/bin/npm
1 info using npm@11.9.0
2 info using node@v24.14.0
3 silly config load:file:/usr/local/lib/node_modules/npm/npmrc
4 silly config load:file:/Users/apple/Desktop/taskgame/.npmrc
5 silly config load:file:/Users/apple/.npmrc
6 silly config load:file:/usr/local/etc/npmrc
7 verbose title npm install next@15.5.15
8 verbose argv "install" "next@15.5.15" "--cache" ".npm-cache" "--prefer-online"
9 verbose logfile logs-max:10 dir:/Users/apple/Desktop/taskgame/.npm-cache/_logs/2026-04-18T08_30_10_187Z-
10 verbose logfile /Users/apple/Desktop/taskgame/.npm-cache/_logs/2026-04-18T08_30_10_187Z-debug-0.log
11 silly logfile done cleaning log files
12 silly packumentCache heap:4496293888 maxSize:1124073472 maxEntrySize:562036736
13 verbose shrinkwrap failed to load node_modules/.package-lock.json out of date, updated: node_modules
14 silly idealTree buildDeps
15 silly fetch manifest next@15.5.15
16 silly packumentCache full:https://registry.npmjs.org/next cache-miss
17 http fetch GET 200 https://registry.npmjs.org/next 428ms (cache miss)
18 silly packumentCache full:https://registry.npmjs.org/next set size:undefined disposed:false
19 silly placeDep ROOT next@15.5.15 REPLACE for: taskgame@0.1.0 want: 15.5.15
20 warn EBADENGINE Unsupported engine {
20 warn EBADENGINE   package: 'taskgame@0.1.0',
20 warn EBADENGINE   required: { node: '20.x' },
20 warn EBADENGINE   current: { node: 'v24.14.0', npm: '11.9.0' }
20 warn EBADENGINE }
21 silly reify moves {}
22 silly audit bulk request {
22 silly audit   '@capacitor-firebase/authentication': [ '7.5.0' ],
22 silly audit   '@capacitor/android': [ '7.6.1' ],
22 silly audit   '@capacitor/cli': [ '7.6.1' ],
22 silly audit   '@capacitor/core': [ '7.6.1' ],
22 silly audit   '@capacitor/ios': [ '7.6.2' ],
22 silly audit   '@emnapi/runtime': [ '1.10.0' ],
22 silly audit   '@fastify/busboy': [ '3.2.0' ],
22 silly audit   '@firebase/ai': [ '2.11.0' ],
22 silly audit   '@firebase/analytics': [ '0.10.21' ],
22 silly audit   '@firebase/analytics-compat': [ '0.2.27' ],
22 silly audit   '@firebase/analytics-types': [ '0.8.3' ],
22 silly audit   '@firebase/app': [ '0.14.11' ],
22 silly audit   '@firebase/app-check': [ '0.11.2' ],
22 silly audit   '@firebase/app-check-compat': [ '0.4.2' ],
22 silly audit   '@firebase/app-check-interop-types': [ '0.3.3' ],
22 silly audit   '@firebase/app-check-types': [ '0.5.3' ],
22 silly audit   '@firebase/app-compat': [ '0.5.11' ],
22 silly audit   '@firebase/app-types': [ '0.9.4' ],
22 silly audit   '@firebase/auth-compat': [ '0.6.5' ],
22 silly audit   '@firebase/auth': [ '1.13.0' ],
22 silly audit   '@firebase/auth-interop-types': [ '0.2.4' ],
22 silly audit   '@firebase/auth-types': [ '0.13.0' ],
22 silly audit   '@firebase/component': [ '0.7.2' ],
22 silly audit   '@firebase/data-connect': [ '0.6.0' ],
22 silly audit   '@firebase/database': [ '1.1.2' ],
22 silly audit   '@firebase/database-compat': [ '2.1.3' ],
22 silly audit   '@firebase/database-types': [ '1.0.19' ],
22 silly audit   '@firebase/firestore': [ '4.14.0' ],
22 silly audit   '@firebase/firestore-compat': [ '0.4.8' ],
22 silly audit   '@firebase/firestore-types': [ '3.0.3' ],
22 silly audit   '@firebase/functions': [ '0.13.3' ],
22 silly audit   '@firebase/functions-compat': [ '0.4.3' ],
22 silly audit   '@firebase/functions-types': [ '0.6.3' ],
22 silly audit   '@firebase/installations': [ '0.6.21' ],
22 silly audit   '@firebase/installations-compat': [ '0.2.21' ],
22 silly audit   '@firebase/installations-types': [ '0.5.3' ],
22 silly audit   '@firebase/logger': [ '0.5.0' ],
22 silly audit   '@firebase/messaging': [ '0.12.25' ],
22 silly audit   '@firebase/messaging-compat': [ '0.2.25' ],
22 silly audit   '@firebase/messaging-interop-types': [ '0.2.3' ],
22 silly audit   '@firebase/performance': [ '0.7.11' ],
22 silly audit   '@firebase/performance-compat': [ '0.2.24' ],
22 silly audit   '@firebase/performance-types': [ '0.2.3' ],
22 silly audit   '@firebase/remote-config': [ '0.8.2' ],
22 silly audit   '@firebase/remote-config-compat': [ '0.2.23' ],
22 silly audit   '@firebase/remote-config-types': [ '0.5.0' ],
22 silly audit   '@firebase/storage': [ '0.14.2' ],
22 silly audit   '@firebase/storage-compat': [ '0.4.2' ],
22 silly audit   '@firebase/storage-types': [ '0.8.3' ],
22 silly audit   '@firebase/util': [ '1.15.0' ],
22 silly audit   '@firebase/webchannel-wrapper': [ '1.0.5' ],
22 silly audit   '@google-cloud/firestore': [ '7.11.6' ],
22 silly audit   '@google-cloud/paginator': [ '5.0.2' ],
22 silly audit   '@google-cloud/projectify': [ '4.0.0' ],
22 silly audit   '@google-cloud/promisify': [ '4.0.0' ],
22 silly audit   '@google-cloud/storage': [ '7.19.0' ],
22 silly audit   'gcp-metadata': [ '6.1.1', '8.1.2' ],
22 silly audit   'google-auth-library': [ '9.15.1', '10.6.2' ],
22 silly audit   'google-logging-utils': [ '0.0.2', '1.1.3' ],
22 silly audit   uuid: [ '8.3.2', '9.0.1', '11.1.0' ],
22 silly audit   '@grpc/grpc-js': [ '1.9.15', '1.14.3' ],
22 silly audit   '@grpc/proto-loader': [ '0.7.15', '0.8.0' ],
22 silly audit   '@img/colour': [ '1.1.0' ],
22 silly audit   '@img/sharp-darwin-arm64': [ '0.34.5' ],
22 silly audit   '@img/sharp-darwin-x64': [ '0.34.5' ],
22 silly audit   '@img/sharp-libvips-darwin-arm64': [ '1.2.4' ],
22 silly audit   '@img/sharp-libvips-darwin-x64': [ '1.2.4' ],
22 silly audit   '@img/sharp-libvips-linux-arm': [ '1.2.4' ],
22 silly audit   '@img/sharp-libvips-linux-arm64': [ '1.2.4' ],
22 silly audit   '@img/sharp-libvips-linux-ppc64': [ '1.2.4' ],
22 silly audit   '@img/sharp-libvips-linux-riscv64': [ '1.2.4' ],
22 silly audit   '@img/sharp-libvips-linux-s390x': [ '1.2.4' ],
22 silly audit   '@img/sharp-libvips-linux-x64': [ '1.2.4' ],
22 silly audit   '@img/sharp-libvips-linuxmusl-arm64': [ '1.2.4' ],
22 silly audit   '@img/sharp-libvips-linuxmusl-x64': [ '1.2.4' ],
22 silly audit   '@img/sharp-linux-arm': [ '0.34.5' ],
22 silly audit   '@img/sharp-linux-arm64': [ '0.34.5' ],
22 silly audit   '@img/sharp-linux-ppc64': [ '0.34.5' ],
22 silly audit   '@img/sharp-linux-riscv64': [ '0.34.5' ],
22 silly audit   '@img/sharp-linux-s390x': [ '0.34.5' ],
22 silly audit   '@img/sharp-linux-x64': [ '0.34.5' ],
22 silly audit   '@img/sharp-linuxmusl-arm64': [ '0.34.5' ],
22 silly audit   '@img/sharp-linuxmusl-x64': [ '0.34.5' ],
22 silly audit   '@img/sharp-wasm32': [ '0.34.5' ],
22 silly audit   '@img/sharp-win32-arm64': [ '0.34.5' ],
22 silly audit   '@img/sharp-win32-ia32': [ '0.34.5' ],
22 silly audit   '@img/sharp-win32-x64': [ '0.34.5' ],
22 silly audit   '@ionic/cli-framework-output': [ '2.2.8' ],
22 silly audit   '@ionic/utils-array': [ '2.1.6' ],
22 silly audit   '@ionic/utils-fs': [ '3.1.7' ],
22 silly audit   'fs-extra': [ '9.1.0', '11.3.4' ],
22 silly audit   '@ionic/utils-object': [ '2.1.6' ],
22 silly audit   '@ionic/utils-process': [ '2.1.12' ],
22 silly audit   '@ionic/utils-stream': [ '3.1.7' ],
22 silly audit   '@ionic/utils-subprocess': [ '3.0.1' ],
22 silly audit   '@ionic/utils-terminal': [ '2.3.5' ],
22 silly audit   '@isaacs/fs-minipass': [ '4.0.1' ],
22 silly audit   '@js-sdsl/ordered-map': [ '4.4.2' ],
22 silly audit   '@next/env': [ '15.5.15' ],
22 silly audit   '@next/swc-darwin-arm64': [ '15.5.15' ],
22 silly audit   '@next/swc-darwin-x64': [ '15.5.15' ],
22 silly audit   '@next/swc-linux-arm64-gnu': [ '15.5.15' ],
22 silly audit   '@next/swc-linux-arm64-musl': [ '15.5.15' ],
22 silly audit   '@next/swc-linux-x64-gnu': [ '15.5.15' ],
22 silly audit   '@next/swc-linux-x64-musl': [ '15.5.15' ],
22 silly audit   '@next/swc-win32-arm64-msvc': [ '15.5.15' ],
22 silly audit   '@next/swc-win32-x64-msvc': [ '15.5.15' ],
22 silly audit   '@nodable/entities': [ '1.1.0' ],
22 silly audit   '@opentelemetry/api': [ '1.9.1' ],
22 silly audit   '@protobufjs/aspromise': [ '1.1.2' ],
22 silly audit   '@protobufjs/base64': [ '1.1.2' ],
22 silly audit   '@protobufjs/codegen': [ '2.0.4' ],
22 silly audit   '@protobufjs/eventemitter': [ '1.1.0' ],
22 silly audit   '@protobufjs/fetch': [ '1.1.0' ],
22 silly audit   '@protobufjs/float': [ '1.0.2' ],
22 silly audit   '@protobufjs/inquire': [ '1.1.0' ],
22 silly audit   '@protobufjs/path': [ '1.1.2' ],
22 silly audit   '@protobufjs/pool': [ '1.1.0' ],
22 silly audit   '@protobufjs/utf8': [ '1.1.0' ],
22 silly audit   '@swc/helpers': [ '0.5.15' ],
22 silly audit   '@tootallnate/once': [ '2.0.0' ],
22 silly audit   '@types/caseless': [ '0.12.5' ],
22 silly audit   '@types/fs-extra': [ '8.1.5' ],
22 silly audit   '@types/jsonwebtoken': [ '9.0.10' ],
22 silly audit   '@types/long': [ '4.0.2' ],
22 silly audit   '@types/ms': [ '2.1.0' ],
22 silly audit   '@types/node': [ '22.13.10' ],
22 silly audit   '@types/react': [ '19.0.10' ],
22 silly audit   '@types/react-dom': [ '19.0.4' ],
22 silly audit   '@types/request': [ '2.48.13' ],
22 silly audit   '@types/slice-ansi': [ '4.0.0' ],
22 silly audit   '@types/tough-cookie': [ '4.0.5' ],
22 silly audit   '@xmldom/xmldom': [ '0.8.12' ],
22 silly audit   'abort-controller': [ '3.0.0' ],
22 silly audit   'agent-base': [ '7.1.4', '6.0.2' ],
22 silly audit   'ansi-regex': [ '5.0.1' ],
22 silly audit   'ansi-styles': [ '4.3.0' ],
22 silly audit   arrify: [ '2.0.1' ],
22 silly audit   'astral-regex': [ '2.0.0' ],
22 silly audit   'async-retry': [ '1.3.3' ],
22 silly audit   asynckit: [ '0.4.0' ],
22 silly audit   'at-least-node': [ '1.0.0' ],
22 silly audit   'balanced-match': [ '4.0.4' ],
22 silly audit   'base64-js': [ '1.5.1' ],
22 silly audit   'big-integer': [ '1.6.52' ],
22 silly audit   'bignumber.js': [ '9.3.1' ],
22 silly audit   'bplist-parser': [ '0.3.2' ],
22 silly audit   'brace-expansion': [ '5.0.5' ],
22 silly audit   'buffer-crc32': [ '0.2.13' ],
22 silly audit   'buffer-equal-constant-time': [ '1.0.1' ],
22 silly audit   'call-bind-apply-helpers': [ '1.0.2' ],
22 silly audit   'caniuse-lite': [ '1.0.30001788' ],
22 silly audit   chownr: [ '3.0.0' ],
22 silly audit   'client-only': [ '0.0.1' ],
22 silly audit   cliui: [ '8.0.1' ],
22 silly audit   'color-convert': [ '2.0.1' ],
22 silly audit   'color-name': [ '1.1.4' ],
22 silly audit   'combined-stream': [ '1.0.8' ],
22 silly audit   commander: [ '12.1.0' ],
22 silly audit   'cross-spawn': [ '7.0.6' ],
22 silly audit   csstype: [ '3.2.3' ],
22 silly audit   'data-uri-to-buffer': [ '4.0.1' ],
22 silly audit   debug: [ '4.4.3' ],
22 silly audit   'define-lazy-prop': [ '2.0.0' ],
22 silly audit   'delayed-stream': [ '1.0.0' ],
22 silly audit   'detect-libc': [ '2.1.2' ],
22 silly audit   'dunder-proto': [ '1.0.1' ],
22 silly audit   duplexify: [ '4.1.3' ],
22 silly audit   'ecdsa-sig-formatter': [ '1.0.11' ],
22 silly audit   elementtree: [ '0.1.7' ],
22 silly audit   'emoji-regex': [ '8.0.0' ],
22 silly audit   'end-of-stream': [ '1.4.5' ],
22 silly audit   'env-paths': [ '2.2.1' ],
22 silly audit   'es-define-property': [ '1.0.1' ],
22 silly audit   'es-errors': [ '1.3.0' ],
22 silly audit   'es-object-atoms': [ '1.1.1' ],
22 silly audit   'es-set-tostringtag': [ '2.1.0' ],
22 silly audit   escalade: [ '3.2.0' ],
22 silly audit   'event-target-shim': [ '5.0.1' ],
22 silly audit   extend: [ '3.0.2' ],
22 silly audit   'farmhash-modern': [ '1.1.0' ],
22 silly audit   'fast-deep-equal': [ '3.1.3' ],
22 silly audit   'fast-xml-builder': [ '1.1.4' ],
22 silly audit   'fast-xml-parser': [ '5.6.0' ],
22 silly audit   'faye-websocket': [ '0.11.4' ],
22 silly audit   'fd-slicer': [ '1.1.0' ],
22 silly audit   'fetch-blob': [ '3.2.0' ],
22 silly audit   firebase: [ '12.12.0' ],
22 silly audit   'firebase-admin': [ '13.8.0' ],
22 silly audit   'form-data': [ '2.5.5' ],
22 silly audit   'formdata-polyfill': [ '4.0.10' ],
22 silly audit   'function-bind': [ '1.1.2' ],
22 silly audit   'functional-red-black-tree': [ '1.0.1' ],
22 silly audit   gaxios: [ '6.7.1', '7.1.4' ],
22 silly audit   'node-fetch': [ '3.3.2', '2.7.0' ],
22 silly audit   'get-caller-file': [ '2.0.5' ],
22 silly audit   'get-intrinsic': [ '1.3.0' ],
22 silly audit   'get-proto': [ '1.0.1' ],
22 silly audit   glob: [ '13.0.6' ],
22 silly audit   'google-gax': [ '4.6.1' ],
22 silly audit   gopd: [ '1.2.0' ],
22 silly audit   'graceful-fs': [ '4.2.11' ],
22 silly audit   gtoken: [ '7.1.0' ],
22 silly audit   'has-symbols': [ '1.1.0' ],
22 silly audit   'has-tostringtag': [ '1.0.2' ],
22 silly audit   hasown: [ '2.0.2' ],
22 silly audit   'html-entities': [ '2.6.0' ],
22 silly audit   'http-parser-js': [ '0.5.10' ],
22 silly audit   'http-proxy-agent': [ '5.0.0' ],
22 silly audit   'https-proxy-agent': [ '7.0.6', '5.0.1' ],
22 silly audit   idb: [ '7.1.1' ],
22 silly audit   inherits: [ '2.0.4' ],
22 silly audit   ini: [ '4.1.3' ],
22 silly audit   'is-docker': [ '2.2.1' ],
22 silly audit   'is-fullwidth-code-point': [ '3.0.0' ],
22 silly audit   'is-stream': [ '2.0.1' ],
22 silly audit   'is-wsl': [ '2.2.0' ],
22 silly audit   isexe: [ '2.0.0' ],
22 silly audit   jose: [ '4.15.9' ],
22 silly audit   'json-bigint': [ '1.0.0' ],
22 silly audit   jsonfile: [ '6.2.0' ],
22 silly audit   jsonwebtoken: [ '9.0.3' ],
22 silly audit   jwa: [ '2.0.1' ],
22 silly audit   'jwks-rsa': [ '3.2.2' ],
22 silly audit   jws: [ '4.0.1' ],
22 silly audit   kleur: [ '4.1.5', '3.0.3' ],
22 silly audit   limiter: [ '1.1.5' ],
22 silly audit   'lodash.camelcase': [ '4.3.0' ],
22 silly audit   'lodash.clonedeep': [ '4.5.0' ],
22 silly audit   'lodash.includes': [ '4.3.0' ],
22 silly audit   'lodash.isboolean': [ '3.0.3' ],
22 silly audit   'lodash.isinteger': [ '4.0.4' ],
22 silly audit   'lodash.isnumber': [ '3.0.3' ],
22 silly audit   'lodash.isplainobject': [ '4.0.6' ],
22 silly audit   'lodash.isstring': [ '4.0.1' ],
22 silly audit   'lodash.once': [ '4.1.1' ],
22 silly audit   long: [ '5.3.2' ],
22 silly audit   'lru-cache': [ '6.0.0', '11.3.5' ],
22 silly audit   'lru-memoizer': [ '2.3.0' ],
22 silly audit   'math-intrinsics': [ '1.1.0' ],
22 silly audit   mime: [ '3.0.0' ],
22 silly audit   'mime-db': [ '1.52.0' ],
22 silly audit   'mime-types': [ '2.1.35' ],
22 silly audit   minimatch: [ '10.2.5' ],
22 silly audit   minipass: [ '7.1.3' ],
22 silly audit   minizlib: [ '3.1.0' ],
22 silly audit   ms: [ '2.1.3' ],
22 silly audit   nanoid: [ '3.3.11' ],
22 silly audit   'native-run': [ '2.0.3' ],
22 silly audit   'node-domexception': [ '1.0.0' ],
22 silly audit   'node-forge': [ '1.4.0' ],
22 silly audit   'object-hash': [ '3.0.0' ],
22 silly audit   once: [ '1.4.0' ],
22 silly audit   open: [ '8.4.2' ],
22 silly audit   'p-limit': [ '3.1.0' ],
22 silly audit   'package-json-from-dist': [ '1.0.1' ],
22 silly audit   'path-expression-matcher': [ '1.5.0' ],
22 silly audit   'path-key': [ '3.1.1' ],
22 silly audit   'path-scurry': [ '2.0.2' ],
22 silly audit   pend: [ '1.2.0' ],
22 silly audit   picocolors: [ '1.1.1' ],
22 silly audit   plist: [ '3.1.0' ],
22 silly audit   postcss: [ '8.4.31' ],
22 silly audit   prompts: [ '2.4.2' ],
22 silly audit   'proto3-json-serializer': [ '2.0.2' ],
22 silly audit   protobufjs: [ '7.5.5' ],
22 silly audit   react: [ '19.0.0' ],
22 silly audit   'react-dom': [ '19.0.0' ],
22 silly audit   'readable-stream': [ '3.6.2' ],
22 silly audit   'require-directory': [ '2.1.1' ],
22 silly audit   retry: [ '0.13.1' ],
22 silly audit   'retry-request': [ '7.0.2' ],
22 silly audit   rimraf: [ '6.1.3' ],
22 silly audit   'safe-buffer': [ '5.2.1' ],
22 silly audit   sax: [ '1.1.4' ],
22 silly audit   scheduler: [ '0.25.0' ],
22 silly audit   semver: [ '7.7.4' ],
22 silly audit   sharp: [ '0.34.5' ],
22 silly audit   'shebang-command': [ '2.0.0' ],
22 silly audit   'shebang-regex': [ '3.0.0' ],
22 silly audit   'signal-exit': [ '3.0.7' ],
22 silly audit   sisteransi: [ '1.0.5' ],
22 silly audit   'slice-ansi': [ '4.0.0' ],
22 silly audit   'source-map-js': [ '1.2.1' ],
22 silly audit   split2: [ '4.2.0' ],
22 silly audit   'stream-events': [ '1.0.5' ],
22 silly audit   'stream-shift': [ '1.0.3' ],
22 silly audit   string_decoder: [ '1.3.0' ],
22 silly audit   'string-width': [ '4.2.3' ],
22 silly audit   'strip-ansi': [ '6.0.1' ],
22 silly audit   stripe: [ '22.0.1' ],
22 silly audit   strnum: [ '2.2.3' ],
22 silly audit   stubs: [ '3.0.0' ],
22 silly audit   'styled-jsx': [ '5.1.6' ],
22 silly audit   tar: [ '7.5.13' ],
22 silly audit   yallist: [ '5.0.0', '4.0.0' ],
22 silly audit   'teeny-request': [ '9.0.0' ],
22 silly audit   through2: [ '4.0.2' ],
22 silly audit   tr46: [ '0.0.3' ],
22 silly audit   'tree-kill': [ '1.2.2' ],
22 silly audit   tslib: [ '2.8.1' ],
22 silly audit   typescript: [ '5.8.2' ],
22 silly audit   'undici-types': [ '6.20.0' ],
22 silly audit   universalify: [ '2.0.1' ],
22 silly audit   untildify: [ '4.0.0' ],
22 silly audit   'util-deprecate': [ '1.0.2' ],
22 silly audit   'web-streams-polyfill': [ '3.3.3' ],
22 silly audit   'web-vitals': [ '4.2.4' ],
22 silly audit   'webidl-conversions': [ '3.0.1' ],
22 silly audit   'websocket-driver': [ '0.7.4' ],
22 silly audit   'websocket-extensions': [ '0.1.4' ],
22 silly audit   'whatwg-url': [ '5.0.0' ],
22 silly audit   which: [ '2.0.2' ],
22 silly audit   'wrap-ansi': [ '7.0.0' ],
22 silly audit   wrappy: [ '1.0.2' ],
22 silly audit   xml2js: [ '0.6.2' ],
22 silly audit   xmlbuilder: [ '11.0.1', '15.1.1' ],
22 silly audit   y18n: [ '5.0.8' ],
22 silly audit   yargs: [ '17.7.2' ],
22 silly audit   'yargs-parser': [ '21.1.1' ],
22 silly audit   yauzl: [ '2.10.0' ],
22 silly audit   'yocto-queue': [ '0.1.0' ],
22 silly audit   next: [ '15.5.15' ]
22 silly audit }
23 http fetch POST 200 https://registry.npmjs.org/-/npm/v1/security/advisories/bulk 164ms
24 silly audit report {
24 silly audit report   '@tootallnate/once': [
24 silly audit report     {
24 silly audit report       id: 1113977,
24 silly audit report       url: 'https://github.com/advisories/GHSA-vpq2-c234-7xj6',
24 silly audit report       title: '@tootallnate/once vulnerable to Incorrect Control Flow Scoping',
24 silly audit report       severity: 'low',
24 silly audit report       vulnerable_versions: '<3.0.1',
24 silly audit report       cwe: [Array],
24 silly audit report       cvss: [Object]
24 silly audit report     }
24 silly audit report   ]
24 silly audit report }
25 silly packumentCache corgi:https://registry.npmjs.org/@tootallnate%2fonce cache-miss
26 http fetch GET 200 https://registry.npmjs.org/@tootallnate%2fonce 64ms (cache miss)
27 silly packumentCache corgi:https://registry.npmjs.org/@tootallnate%2fonce set size:undefined disposed:false
28 silly packumentCache corgi:https://registry.npmjs.org/http-proxy-agent cache-miss
29 http fetch GET 200 https://registry.npmjs.org/http-proxy-agent 70ms (cache miss)
30 silly packumentCache corgi:https://registry.npmjs.org/http-proxy-agent set size:undefined disposed:false
31 silly packumentCache corgi:https://registry.npmjs.org/teeny-request cache-miss
32 http fetch GET 200 https://registry.npmjs.org/teeny-request 96ms (cache miss)
33 silly packumentCache corgi:https://registry.npmjs.org/teeny-request set size:undefined disposed:false
34 silly packumentCache corgi:https://registry.npmjs.org/@google-cloud%2fstorage cache-miss
35 silly packumentCache corgi:https://registry.npmjs.org/retry-request cache-miss
36 http fetch GET 200 https://registry.npmjs.org/@google-cloud%2fstorage 114ms (cache miss)
37 silly packumentCache corgi:https://registry.npmjs.org/@google-cloud%2fstorage set size:undefined disposed:false
38 http fetch GET 200 https://registry.npmjs.org/retry-request 316ms (cache miss)
39 silly packumentCache corgi:https://registry.npmjs.org/retry-request set size:undefined disposed:false
40 silly packumentCache corgi:https://registry.npmjs.org/firebase-admin cache-miss
41 http fetch GET 200 https://registry.npmjs.org/firebase-admin 205ms (cache miss)
42 silly packumentCache corgi:https://registry.npmjs.org/firebase-admin set size:undefined disposed:false
43 silly packumentCache corgi:https://registry.npmjs.org/google-gax cache-miss
44 http fetch GET 200 https://registry.npmjs.org/google-gax 202ms (cache miss)
45 silly packumentCache corgi:https://registry.npmjs.org/google-gax set size:undefined disposed:false
46 silly packumentCache corgi:https://registry.npmjs.org/@google-cloud%2ffirestore cache-miss
47 http fetch GET 200 https://registry.npmjs.org/@google-cloud%2ffirestore 160ms (cache miss)
48 silly packumentCache corgi:https://registry.npmjs.org/@google-cloud%2ffirestore set size:undefined disposed:false
49 verbose cwd /Users/apple/Desktop/taskgame
50 verbose os Darwin 25.3.0
51 verbose node v24.14.0
52 verbose npm  v11.9.0
53 verbose exit 0
54 info ok
