0 verbose cli /usr/local/bin/node /usr/local/bin/npm
1 info using npm@11.9.0
2 info using node@v24.14.0
3 silly config load:file:/usr/local/lib/node_modules/npm/npmrc
4 silly config load:file:/Users/apple/Desktop/taskgame/.npmrc
5 silly config load:file:/Users/apple/.npmrc
6 silly config load:file:/usr/local/etc/npmrc
7 verbose title npm install next@15.5.15
8 verbose argv "install" "next@15.5.15" "--cache" ".npm-cache" "--prefer-online"
9 verbose logfile logs-max:10 dir:/Users/apple/Desktop/taskgame/.npm-cache/_logs/2026-04-18T08_17_57_920Z-
10 verbose logfile /Users/apple/Desktop/taskgame/.npm-cache/_logs/2026-04-18T08_17_57_920Z-debug-0.log
11 silly logfile done cleaning log files
12 silly packumentCache heap:4496293888 maxSize:1124073472 maxEntrySize:562036736
13 http fetch GET https://registry.npmjs.org/npm attempt 1 failed with ENOTFOUND
14 silly idealTree buildDeps
15 silly fetch manifest next@15.5.15
16 silly packumentCache full:https://registry.npmjs.org/next cache-miss
17 http fetch GET https://registry.npmjs.org/next attempt 1 failed with ENOTFOUND
18 verbose shrinkwrap failed to load node_modules/.package-lock.json out of date, updated: node_modules/@fastify
19 http fetch GET https://registry.npmjs.org/npm attempt 2 failed with ENOTFOUND
20 http fetch GET https://registry.npmjs.org/next attempt 2 failed with ENOTFOUND
21 http fetch GET https://registry.npmjs.org/npm attempt 3 failed with ENOTFOUND
22 http fetch GET https://registry.npmjs.org/next attempt 3 failed with ENOTFOUND
23 silly placeDep ROOT next@ REPLACE for: taskgame@0.1.0 want: 15.5.15
24 verbose type system
25 verbose stack FetchError: request to https://registry.npmjs.org/next failed, reason: getaddrinfo ENOTFOUND registry.npmjs.org
25 verbose stack     at ClientRequest.<anonymous> (/usr/local/lib/node_modules/npm/node_modules/minipass-fetch/lib/index.js:130:14)
25 verbose stack     at ClientRequest.emit (node:events:508:28)
25 verbose stack     at emitErrorEvent (node:_http_client:108:11)
25 verbose stack     at _destroy (node:_http_client:963:9)
25 verbose stack     at onSocketNT (node:_http_client:983:5)
25 verbose stack     at process.processTicksAndRejections (node:internal/process/task_queues:91:21)
26 error code ENOTFOUND
27 error syscall getaddrinfo
28 error errno ENOTFOUND
29 error network request to https://registry.npmjs.org/next failed, reason: getaddrinfo ENOTFOUND registry.npmjs.org
30 error network This is a problem related to network connectivity.
30 error network In most cases you are behind a proxy or have bad network settings.
30 error network
30 error network If you are behind a proxy, please make sure that the
30 error network 'proxy' config is set properly.  See: 'npm help config'
31 silly unfinished npm timer reify 1776500278274
32 silly unfinished npm timer reify:loadTrees 1776500278276
33 verbose cwd /Users/apple/Desktop/taskgame
34 verbose os Darwin 25.3.0
35 verbose node v24.14.0
36 verbose npm  v11.9.0
37 verbose exit 1
38 verbose code 1
39 error A complete log of this run can be found in: /Users/apple/Desktop/taskgame/.npm-cache/_logs/2026-04-18T08_17_57_920Z-debug-0.log
